2020-02-18 20:02:599 INFO  TestSetup:52 - ######################### Test execution started #########################
2020-02-18 20:02:879 INFO  TestSetup:54 - Extent report instance created
2020-02-18 20:02:276 INFO  TestSetup:133 - Wait time unit successfully set to seconds
2020-02-18 20:02:288 INFO  TestSetup:166 - chrome driver initialized with implicit wait time [80] seconds
2020-02-18 20:02:292 INFO  TestSetup:173 - chrome driver initialized with page load time [120] seconds
2020-02-18 20:02:942 INFO  TestSetup:179 - Deleted all cookies
2020-02-18 20:02:958 INFO  TestSetup:142 - Successfully initialised the webdriver
2020-02-18 20:02:989 INFO  TestSetup:222 - Reading data from excel data file: src/test/resources/testData/LoginTestData.xlsx
2020-02-18 20:02:889 INFO  SignInTest:30 - Sign in option present
2020-02-18 20:02:628 INFO  SignInTest:33 - Navigated to sign in page
2020-02-18 20:02:986 INFO  SignInTest:37 - Email entered successfully
2020-02-18 20:02:276 INFO  SignInTest:40 - Password entered successfully
2020-02-18 20:02:880 INFO  SignInTest:43 - Sign in submitted successfully
2020-02-18 20:02:588 INFO  TestSetup:151 - Creating Web driver wait object with explicit wait timeout of [100] seconds
2020-02-18 20:02:469 INFO  TestSetup:86 - After method............................................

2020-02-18 20:02:469 INFO  TestSetup:87 - TEST || verifySignIn || STATUS 1
2020-02-18 20:02:477 INFO  TestSetup:96 - Test Passed condition in after method...
2020-02-18 20:02:477 INFO  TestSetup:104 - **************verifySignInFinished***************
2020-02-18 20:02:662 INFO  SignInTest:30 - Sign in option present
2020-02-18 20:02:891 INFO  SignInTest:33 - Navigated to sign in page
2020-02-18 20:02:883 INFO  SignInTest:37 - Email entered successfully
2020-02-18 20:02:106 INFO  SignInTest:40 - Password entered successfully
2020-02-18 20:02:604 INFO  SignInTest:43 - Sign in submitted successfully
2020-02-18 20:02:166 INFO  TestSetup:151 - Creating Web driver wait object with explicit wait timeout of [100] seconds
2020-02-18 20:02:809 INFO  TestSetup:86 - After method............................................

2020-02-18 20:02:809 INFO  TestSetup:87 - TEST || verifySignIn || STATUS 1
2020-02-18 20:02:813 INFO  TestSetup:96 - Test Passed condition in after method...
2020-02-18 20:02:813 INFO  TestSetup:104 - **************verifySignInFinished***************
2020-02-18 20:02:260 INFO  TestSetup:113 - ############# Test execution completed and all browser windows closed ############
